// Jest Snapshot v1, https://goo.gl/fbAQLP

exports[`Container should render correctly 1`] = `
<div
  className="sc-bdVaJa crlonA"
>
  Children
</div>
`;
