// Jest Snapshot v1, https://goo.gl/fbAQLP

exports[`TransactionList should render correctly 1`] = `
<ol
  className="sc-bdVaJa eKiYv"
>
  <li
    className="sc-bwzfXH dwTtjc"
    id={0}
    type="DEBIT"
  >
    <p
      className="sc-htpNat hiCggQ"
    >
      $ 10,00
    </p>
    <button
      className="sc-bxivhb eJBkbL"
      onClick={[Function]}
      type="button"
    >
      X
    </button>
  </li>
</ol>
`;
